==================================================
  Ryzix Player - Build Log
  Run:     #31
  Version: v0.0.36-beta
  Date:    2026-06-03 03:52:37 UTC
  Commit:  a701342f95e636647e6ae934c6079a5cc1c3692d
  Trigger: push
==================================================

## DEBUG BUILD
--------------------------------------------------
To honour the JVM settings for this build a single-use Daemon process will be forked. For more on this, please refer to https://docs.gradle.org/8.10.2/userguide/gradle_daemon.html#sec:disabling_the_daemon in the Gradle documentation.
Daemon will be stopped at the end of the build 
> Task :app:preBuild UP-TO-DATE
> Task :app:preDebugBuild UP-TO-DATE
> Task :app:mergeDebugNativeDebugMetadata NO-SOURCE
> Task :app:checkKotlinGradlePluginConfigurationErrors SKIPPED
> Task :app:dataBindingMergeDependencyArtifactsDebug
> Task :app:generateDebugResValues FROM-CACHE
> Task :app:generateDebugResources FROM-CACHE
> Task :app:mergeDebugResources FROM-CACHE
> Task :app:packageDebugResources FROM-CACHE
> Task :app:parseDebugLocalResources FROM-CACHE
> Task :app:dataBindingGenBaseClassesDebug FROM-CACHE
> Task :app:generateDebugBuildConfig
> Task :app:checkDebugAarMetadata
> Task :app:mapDebugSourceSetPaths
> Task :app:createDebugCompatibleScreenManifests
> Task :app:extractDeepLinksDebug FROM-CACHE
> Task :app:processDebugMainManifest
> Task :app:processDebugManifest
> Task :app:javaPreCompileDebug FROM-CACHE
> Task :app:mergeDebugShaders
> Task :app:compileDebugShaders NO-SOURCE
> Task :app:generateDebugAssets UP-TO-DATE
> Task :app:mergeDebugAssets
> Task :app:compressDebugAssets FROM-CACHE
> Task :app:desugarDebugFileDependencies FROM-CACHE
> Task :app:processDebugManifestForPackage
> Task :app:mergeDebugStartupProfile
> Task :app:mergeDebugJniLibFolders
> Task :app:checkDebugDuplicateClasses
> Task :app:mergeDebugNativeLibs
> Task :app:mergeExtDexDebug FROM-CACHE
> Task :app:mergeLibDexDebug FROM-CACHE
> Task :app:validateSigningDebug
> Task :app:writeDebugAppMetadata
> Task :app:writeDebugSigningConfigVersions

> Task :app:stripDebugDebugSymbols
Unable to strip the following libraries, packaging them as they are: libdatastore_shared_counter.so.

> Task :app:processDebugResources

> Task :app:kaptGenerateStubsDebugKotlin
w: Kapt currently doesn't support language version 2.0+. Falling back to 1.9.

> Task :app:kaptDebugKotlin

> Task :app:compileDebugKotlin
w: file:///home/runner/work/Ryzix-Player/Ryzix-Player/app/src/main/java/com/ryzix/player/ui/MainActivity.kt:222:18 This declaration overrides a deprecated member but is not marked as deprecated itself. Please add the '@Deprecated' annotation or suppress the diagnostic.
w: file:///home/runner/work/Ryzix-Player/Ryzix-Player/app/src/main/java/com/ryzix/player/ui/MusicPlayerActivity.kt:292:18 This declaration overrides a deprecated member but is not marked as deprecated itself. Please add the '@Deprecated' annotation or suppress the diagnostic.
w: file:///home/runner/work/Ryzix-Player/Ryzix-Player/app/src/main/java/com/ryzix/player/ui/PlayerActivity.kt:743:18 This declaration overrides a deprecated member but is not marked as deprecated itself. Please add the '@Deprecated' annotation or suppress the diagnostic.

> Task :app:compileDebugJavaWithJavac
> Task :app:dexBuilderDebug
> Task :app:mergeDebugGlobalSynthetics FROM-CACHE
> Task :app:processDebugJavaRes
> Task :app:mergeProjectDexDebug
> Task :app:mergeDebugJavaResource
> Task :app:packageDebug
> Task :app:createDebugApkListingFileRedirect
> Task :app:assembleDebug
gradle/actions: Writing build results to /home/runner/work/_temp/.gradle-actions/build-results/__run_5-1780458616388.json

BUILD SUCCESSFUL in 30s
42 actionable tasks: 29 executed, 13 from cache

## RELEASE BUILD
--------------------------------------------------
To honour the JVM settings for this build a single-use Daemon process will be forked. For more on this, please refer to https://docs.gradle.org/8.10.2/userguide/gradle_daemon.html#sec:disabling_the_daemon in the Gradle documentation.
Daemon will be stopped at the end of the build 
> Task :app:buildKotlinToolingMetadata
> Task :app:checkKotlinGradlePluginConfigurationErrors SKIPPED
> Task :app:preBuild UP-TO-DATE
> Task :app:preReleaseBuild UP-TO-DATE
> Task :app:dataBindingMergeDependencyArtifactsRelease
> Task :app:generateReleaseResValues FROM-CACHE
> Task :app:generateReleaseResources FROM-CACHE
> Task :app:mergeReleaseResources FROM-CACHE
> Task :app:packageReleaseResources FROM-CACHE
> Task :app:parseReleaseLocalResources FROM-CACHE
> Task :app:dataBindingGenBaseClassesRelease FROM-CACHE
> Task :app:generateReleaseBuildConfig
> Task :app:checkReleaseAarMetadata
> Task :app:mapReleaseSourceSetPaths
> Task :app:createReleaseCompatibleScreenManifests
> Task :app:extractDeepLinksRelease FROM-CACHE
> Task :app:processReleaseMainManifest
> Task :app:processReleaseManifest
> Task :app:javaPreCompileRelease FROM-CACHE
> Task :app:extractProguardFiles
> Task :app:mergeReleaseJniLibFolders
> Task :app:mergeReleaseNativeLibs
> Task :app:processReleaseManifestForPackage
> Task :app:checkReleaseDuplicateClasses

> Task :app:stripReleaseDebugSymbols
Unable to strip the following libraries, packaging them as they are: libdatastore_shared_counter.so.

> Task :app:extractReleaseNativeSymbolTables FROM-CACHE
> Task :app:mergeReleaseNativeDebugMetadata NO-SOURCE
> Task :app:mergeReleaseStartupProfile
> Task :app:mergeReleaseArtProfile
> Task :app:mergeReleaseShaders
> Task :app:compileReleaseShaders NO-SOURCE
> Task :app:generateReleaseAssets UP-TO-DATE
> Task :app:mergeReleaseAssets
> Task :app:compressReleaseAssets FROM-CACHE
> Task :app:extractReleaseVersionControlInfo
> Task :app:processApplicationManifestReleaseForBundle
> Task :app:collectReleaseDependencies
> Task :app:sdkReleaseDependencyData
> Task :app:validateSigningRelease
> Task :app:writeReleaseAppMetadata
> Task :app:writeReleaseSigningConfigVersions
> Task :app:processReleaseResources
> Task :app:bundleReleaseResources

> Task :app:kaptGenerateStubsReleaseKotlin
w: Kapt currently doesn't support language version 2.0+. Falling back to 1.9.

> Task :app:kaptReleaseKotlin

> Task :app:compileReleaseKotlin
w: file:///home/runner/work/Ryzix-Player/Ryzix-Player/app/src/main/java/com/ryzix/player/ui/MainActivity.kt:222:18 This declaration overrides a deprecated member but is not marked as deprecated itself. Please add the '@Deprecated' annotation or suppress the diagnostic.
w: file:///home/runner/work/Ryzix-Player/Ryzix-Player/app/src/main/java/com/ryzix/player/ui/MusicPlayerActivity.kt:292:18 This declaration overrides a deprecated member but is not marked as deprecated itself. Please add the '@Deprecated' annotation or suppress the diagnostic.
w: file:///home/runner/work/Ryzix-Player/Ryzix-Player/app/src/main/java/com/ryzix/player/ui/PlayerActivity.kt:743:18 This declaration overrides a deprecated member but is not marked as deprecated itself. Please add the '@Deprecated' annotation or suppress the diagnostic.

> Task :app:compileReleaseJavaWithJavac
> Task :app:generateReleaseLintVitalReportModel
> Task :app:mergeReleaseGeneratedProguardFiles
> Task :app:processReleaseJavaRes
> Task :app:expandReleaseArtProfileWildcards
> Task :app:mergeReleaseJavaResource
> Task :app:lintVitalAnalyzeRelease
> Task :app:lintVitalReportRelease
> Task :app:lintVitalRelease
> Task :app:minifyReleaseWithR8
> Task :app:compileReleaseArtProfile
> Task :app:shrinkReleaseRes
> Task :app:optimizeReleaseResources
> Task :app:packageRelease
> Task :app:createReleaseApkListingFileRedirect
> Task :app:assembleRelease
gradle/actions: Writing build results to /home/runner/work/_temp/.gradle-actions/build-results/__run_6-1780458647208.json

BUILD SUCCESSFUL in 1m 30s
55 actionable tasks: 45 executed, 10 from cache
